[
  {
    "level": "INFO",
    "message": "android.ndkVersion from module build.gradle is not set"
  },
  {
    "level": "INFO",
    "message": "ndk.dir in local.properties is /opt/homebrew/share/android-commandlinetools/ndk/21.4.7075529"
  },
  {
    "level": "INFO",
    "message": "ANDROID_NDK_HOME environment variable is not set"
  },
  {
    "level": "INFO",
    "message": "sdkFolder is /opt/homebrew/share/android-commandlinetools"
  },
  {
    "level": "INFO",
    "message": "Considering /opt/homebrew/share/android-commandlinetools/ndk/21.4.7075529 by ndk.dir"
  },
  {
    "level": "INFO",
    "message": "Considering /opt/homebrew/share/android-commandlinetools/ndk-bundle in SDK ndk-bundle folder"
  },
  {
    "level": "INFO",
    "message": "Considering /opt/homebrew/share/android-commandlinetools/ndk/27.1.12297006 in SDK ndk folder"
  },
  {
    "level": "INFO",
    "message": "Considering /opt/homebrew/share/android-commandlinetools/ndk/21.4.7075529 in SDK ndk folder"
  },
  {
    "level": "INFO",
    "message": "Considering /opt/homebrew/share/android-commandlinetools/ndk/27.0.12077973 in SDK ndk folder"
  },
  {
    "level": "INFO",
    "message": "Rejected /opt/homebrew/share/android-commandlinetools/ndk-bundle in SDK ndk-bundle folder because that location has no source.properties"
  },
  {
    "level": "INFO",
    "message": "Found requested ndk.dir (/opt/homebrew/share/android-commandlinetools/ndk/21.4.7075529) which has version 21.4.7075529"
  }
]